[www.arialengineering.com/index.html]
[backblue.gif]
[fade.gif]
[index.html]
[www.arialengineering.com/index-2.html]
[www.arialengineering.com/favicon.png]
[maxcdn.bootstrapcdn.com/bootstrap/4.3.1/css/bootstrap.min.css]
[maxcdn.bootstrapcdn.com/bootstrap/4.0.0/css/bootstrap.min.css]
[maxcdn.bootstrapcdn.com/bootstrap/4.0.0-alpha.2/css/bootstrap.min.css]
[use.fontawesome.com/releases/v5.8.2/css/all.css]
[cdnjs.cloudflare.com/ajax/libs/font-awesome/4.7.0/css/font-awesome.min.css]
[cdnjs.cloudflare.com/ajax/libs/animate.css/3.7.2/animate.min.css]
[www.arialengineering.com/css/homestyles.css]
[www.arialengineering.com/css/homeform.css]
[www.arialengineering.com/pictures/logo.png]
[www.arialengineering.com/cdn-cgi/l/email-protection.html]
[www.arialengineering.com/about.html]
[www.arialengineering.com/services.html]
[www.arialengineering.com/designing.html]
[www.arialengineering.com/installations.html]
[www.arialengineering.com/repairs.html]
[www.arialengineering.com/amc.html]
[www.arialengineering.com/quality.html]
[www.arialengineering.com/products.html]
[www.arialengineering.com/chillers.html]
[www.arialengineering.com/vrf.html]
[www.arialengineering.com/dx.html]
[www.arialengineering.com/ventilation.html]
[www.arialengineering.com/ahu.html]
[www.arialengineering.com/projects.html]
[www.arialengineering.com/residential.html]
[www.arialengineering.com/commercial.html]
[www.arialengineering.com/industrial.html]
[www.arialengineering.com/clients.html]
[www.arialengineering.com/careers.html]
[www.arialengineering.com/awards.html]
[www.arialengineering.com/contact.html]
[www.arialengineering.com/hvac.html]
[www.arialengineering.com/pictures/slide1.jpg]
[www.arialengineering.com/pictures/slide2.jpg]
[www.arialengineering.com/pictures/slide3.jpg]
[www.arialengineering.com/pictures/slide4.jpg]
[www.arialengineering.com/pictures/slide5.jpg]
[www.arialengineering.com/pictures/slide6.jpg]
[www.arialengineering.com/pictures/slide7.jpg]
[www.arialengineering.com/pictures/residential.png]
[www.arialengineering.com/pictures/commercial.png]
[www.arialengineering.com/pictures/industrial.png]
[www.arialengineering.com/pictures/hospitals.jpg]
[www.arialengineering.com/pictures/it.png]
[www.arialengineering.com/pictures/retail.png]
[www.arialengineering.com/pictures/spinner.png]
[www.arialengineering.com/pictures/sales.png]
[www.arialengineering.com/pictures/planning.png]
[www.arialengineering.com/pictures/design.png]
[www.arialengineering.com/pictures/projectex.png]
[www.arialengineering.com/pictures/servicehome.png]
[www.arialengineering.com/pictures/support.png]
[www.arialengineering.com/pictures/products/vrf1.jpg]
[www.arialengineering.com/pictures/products/chiller1.jpg]
[www.arialengineering.com/pictures/products/vent1.jpg]
[www.arialengineering.com/pictures/products/ahu1.png]
[www.arialengineering.com/pictures/products/split1.jpg]
[www.arialengineering.com/pictures/products/duct1.jpg]
[www.arialengineering.com/pictures/products/cassette1.jpg]
[www.arialengineering.com/pictures/products/diffuser1.jpg]
[www.arialengineering.com/pictures/products/vrf2.jpg]
[www.arialengineering.com/pictures/products/chiller2.jpg]
[www.arialengineering.com/pictures/products/vent2.jpg]
[www.arialengineering.com/pictures/products/ahu2.png]
[www.arialengineering.com/pictures/products/split2.jpg]
[www.arialengineering.com/pictures/products/duct2.jpg]
[www.arialengineering.com/pictures/products/cassette2.jpg]
[www.arialengineering.com/pictures/products/diffuser2.jpg]
[www.arialengineering.com/pictures/products/vrf3.jpg]
[www.arialengineering.com/pictures/products/chiller3.jpg]
[www.arialengineering.com/pictures/products/vent3.jpg]
[www.arialengineering.com/pictures/products/ahu3.png]
[www.arialengineering.com/pictures/products/split3.jpg]
[www.arialengineering.com/pictures/products/duct3.jpg]
[www.arialengineering.com/pictures/products/cassette3.jpg]
[www.arialengineering.com/pictures/products/diffuser3.jpg]
[www.arialengineering.com/pictures/products/vrf4.jpg]
[www.arialengineering.com/pictures/products/chiller4.jpg]
[www.arialengineering.com/pictures/products/vent4.jpg]
[www.arialengineering.com/pictures/products/ahu4.png]
[www.arialengineering.com/pictures/products/split4.jpg]
[www.arialengineering.com/pictures/products/duct4.jpg]
[www.arialengineering.com/pictures/products/cassette4.jpg]
[www.arialengineering.com/pictures/products/diffuser4.jpg]
[www.arialengineering.com/pictures/products/vrf5.jpg]
[www.arialengineering.com/pictures/products/chiller5.jpg]
[www.arialengineering.com/pictures/products/vent5.jpg]
[www.arialengineering.com/pictures/products/ahu5.png]
[www.arialengineering.com/pictures/products/split5.jpg]
[www.arialengineering.com/pictures/products/duct5.jpg]
[www.arialengineering.com/pictures/products/diffuser5.jpg]
[www.arialengineering.com/pictures/choose.png]
[www.arialengineering.com/pictures/offer.png]
[www.arialengineering.com/pictures/skycity.jpg]
[www.arialengineering.com/pictures/skycity2.jpg]
[www.arialengineering.com/pictures/dsr-commercial.jpg]
[www.arialengineering.com/pictures/dsr-residential.jpg]
[www.arialengineering.com/pictures/apr.jpg]
[www.arialengineering.com/pictures/projectdsr.jpg]
[www.arialengineering.com/pictures/projectcyber.jpg]
[www.arialengineering.com/pictures/projectisprout.jpg]
[www.arialengineering.com/pictures/projecttabla.jpg]
[www.arialengineering.com/pictures/projectdsrinfra.jpg]
[www.arialengineering.com/pictures/projectevs.jpg]
[www.arialengineering.com/pictures/projectakshara.jpg]
[www.arialengineering.com/pictures/projectnu.jpg]
[www.arialengineering.com/pictures/projectbungalow.jpg]
[www.arialengineering.com/pictures/projectkoenig.jpg]
[www.arialengineering.com/pictures/projectaccenture.jpg]
[www.arialengineering.com/pictures/projectadarsha.jpg]
[www.arialengineering.com/pictures/projectesmeralda.jpg]
[www.arialengineering.com/pictures/projectamoda.jpg]
[www.arialengineering.com/pictures/projecthalo.jpg]
[www.arialengineering.com/pictures/projectalphores.jpg]
[www.arialengineering.com/pictures/sticker.png]
[www.arialengineering.com/pictures/branch1.jpg]
[www.arialengineering.com/pictures/branch2.jpg]
[www.arialengineering.com/pictures/branch3.jpg]
[www.arialengineering.com/pictures/branch4.jpg]
[www.arialengineering.com/cdn-cgi/scripts/5c5dd728/cloudflare-static/email-decode.min.js]
[w.24timezones.com/l.js]
[ajax.googleapis.com/ajax/libs/jquery/3.4.1/jquery.min.js]
[cdnjs.cloudflare.com/ajax/libs/popper.js/1.14.7/umd/popper.min.js]
[maxcdn.bootstrapcdn.com/bootstrap/4.3.1/js/bootstrap.min.js]
[ajax.googleapis.com/ajax/libs/jquery/2.1.1/jquery.min.js]
[www.arialengineering.com/js/homestyles.js]
[www.arialengineering.com/js/homeform.js]
[apis.google.com/js/platform.js]
[www.google-analytics.com/analytics.js]
[connect.facebook.net/en_US/sdk/xfbml.customerchat.js]
[secure.statcounter.com/counter/counter.js]
[cdn.jsdelivr.net/npm/vanilla-lazyload@12.4.0/dist/lazyload.min.js]
[www.arialengineering.com/index.html]
[www.arialengineering.com/index-2.html]
[maxcdn.bootstrapcdn.com/bootstrap/4.3.1/css/bootstrap.min.css]
[maxcdn.bootstrapcdn.com/bootstrap/4.0.0/css/bootstrap.min.css]
[maxcdn.bootstrapcdn.com/bootstrap/4.0.0-alpha.2/css/bootstrap.min.css]
[use.fontawesome.com/releases/v5.8.2/css/all.css]
[cdnjs.cloudflare.com/ajax/libs/font-awesome/4.7.0/css/font-awesome.min.css]
[cdnjs.cloudflare.com/ajax/libs/animate.css/3.7.2/animate.min.css]
[www.arialengineering.com/css/homestyles.css]
[www.arialengineering.com/pictures/projectbg.jpg]
[www.arialengineering.com/css/homeform.css]
[www.arialengineering.com/cdn-cgi/l/email-protection.html]
[stackpath.bootstrapcdn.com/font-awesome/4.7.0/css/font-awesome.min.css]
[www.arialengineering.com/pictures/about/about-bg.jpg]
[www.arialengineering.com/pictures/about/about1.jpg]
[www.arialengineering.com/pictures/about/about2.jpg]
[www.arialengineering.com/pictures/about/about3.jpg]
[www.arialengineering.com/pictures/brand1.png]
[www.arialengineering.com/pictures/brand2.png]
[www.arialengineering.com/pictures/brand3.png]
[www.arialengineering.com/pictures/brand4.png]
[www.arialengineering.com/pictures/brand5.png]
[www.arialengineering.com/about.html]
[use.fontawesome.com/releases/v5.7.0/css/all.css]
[www.arialengineering.com/css/services.css]
[www.arialengineering.com/pictures/services/services-page.jpg]
[www.arialengineering.com/pictures/services/our-services.png]
[www.arialengineering.com/pictures/services/dd.png]
[www.arialengineering.com/pictures/services/install.png]
[www.arialengineering.com/pictures/services/repairs.png]
[www.arialengineering.com/pictures/services/amc.jpg]
[www.arialengineering.com/pictures/services/quality.jpg]
[www.arialengineering.com/services.html]
[www.arialengineering.com/pictures/services/dd-bg.jpg]
[www.arialengineering.com/designing.html]
[www.arialengineering.com/pictures/services/install-bg.jpg]
[www.arialengineering.com/pictures/services/install-intro.jpg]
[www.arialengineering.com/pictures/services/step1.jpg]
[www.arialengineering.com/pictures/services/step2.jpg]
[www.arialengineering.com/pictures/services/step3.jpg]
[www.arialengineering.com/pictures/services/step4.jpg]
[www.arialengineering.com/pictures/services/step5.jpg]
[www.arialengineering.com/pictures/services/step6.jpg]
[www.arialengineering.com/installations.html]
[www.arialengineering.com/pictures/services/repair-bg.jpg]
[www.arialengineering.com/pictures/services/repairs-services.png]
[www.arialengineering.com/repairs.html]
[www.arialengineering.com/css/services unminified.css]
[www.arialengineering.com/pictures/services/amcbg.jpg]
[www.arialengineering.com/amc.html]
[www.arialengineering.com/quality.html]
[www.arialengineering.com/css/products.css]
[chimpstatic.com/mcjs-connected/js/users/260473f272d4029113b970f51/1402d31c93259acf3c831ac0b.js]
[www.arialengineering.com/products.html]
[www.arialengineering.com/pictures/products/chillers-bg.jpg]
[www.arialengineering.com/pictures/products/airchillers.png]
[www.arialengineering.com/pictures/products/chiller-fcu.png]
[www.arialengineering.com/pictures/products/vrf-cassette4.png]
[www.arialengineering.com/pictures/products/vrf-duct.png]
[www.arialengineering.com/pictures/products/chiller-resistant.png]
[www.arialengineering.com/pictures/products/chiller-mfd.png]
[www.arialengineering.com/pictures/products/chiller-swirl.png]
[www.arialengineering.com/pictures/products/waterchillers.png]
[www.arialengineering.com/chillers.html]
[www.arialengineering.com/pictures/products/vrf-bg.jpg]
[www.arialengineering.com/pictures/products/vrf-product.png]
[www.arialengineering.com/pictures/products/vrf-split.png]
[www.arialengineering.com/pictures/products/vrf-cassette1.png]
[www.arialengineering.com/vrf.html]
[www.arialengineering.com/pictures/features/mitsubishi.jpg]
[www.arialengineering.com/pictures/features/dry.jpg]
[www.arialengineering.com/pictures/features/diagnostic.jpg]
[www.arialengineering.com/pictures/features/pcool.jpg]
[www.arialengineering.com/pictures/features/coolt.jpg]
[www.arialengineering.com/pictures/features/compressor.jpg]
[www.arialengineering.com/pictures/features/fan.jpg]
[www.arialengineering.com/pictures/features/sleep.jpg]
[www.arialengineering.com/pictures/features/copper.jpg]
[www.arialengineering.com/pictures/features/restart.jpg]
[www.arialengineering.com/pictures/features/enzyme.jpg]
[www.arialengineering.com/pictures/features/mit-cassette.png]
[www.arialengineering.com/pictures/features/remote.jpg]
[www.arialengineering.com/pictures/features/silent.jpg]
[www.arialengineering.com/pictures/features/eev.jpg]
[www.arialengineering.com/pictures/features/mit-duct.jpg]
[www.arialengineering.com/pictures/features/mit-tower.jpg]
[www.arialengineering.com/pictures/features/towerkey.jpg]
[www.arialengineering.com/pictures/features/fuzzy.jpg]
[www.arialengineering.com/pictures/features/electricity.jpg]
[www.arialengineering.com/pictures/features/dcpam.jpg]
[www.arialengineering.com/pictures/features/eco.jpg]
[www.arialengineering.com/pictures/features/hitachi.jpg]
[www.arialengineering.com/pictures/features/fan2.png]
[www.arialengineering.com/pictures/features/power.png]
[www.arialengineering.com/pictures/features/timer.png]
[www.arialengineering.com/pictures/features/cleaning.png]
[www.arialengineering.com/pictures/features/flow.png]
[www.arialengineering.com/pictures/features/ecologic.png]
[www.arialengineering.com/pictures/features/toshiba.png]
[cdnjs.cloudflare.com/ajax/libs/popper.js/1.12.9/umd/popper.min.js]
[www.arialengineering.com/dx.html]
[cdnjs.cloudflare.com/ajax/libs/twitter-bootstrap/4.3.1/js/bootstrap.bundle.min.js]
[www.arialengineering.com/pictures/products/ahu-bg.jpg]
[www.arialengineering.com/pictures/products/ventilation-bg.jpg]
[www.arialengineering.com/pictures/products/vent-exhaust.png]
[www.arialengineering.com/pictures/products/vent-bath.png]
[www.arialengineering.com/pictures/products/vent-kitchen.png]
[www.arialengineering.com/pictures/products/vent-parking.png]
[www.arialengineering.com/ventilation.html]
[www.arialengineering.com/pictures/products/ahu.png]
[www.arialengineering.com/pictures/products/cdiffuser.png]
[www.arialengineering.com/pictures/products/eyediffuser.png]
[www.arialengineering.com/pictures/products/ldiffuser.png]
[www.arialengineering.com/pictures/products/rdiffuser.png]
[www.arialengineering.com/ahu.html]
[www.arialengineering.com/pictures/bg/pbg.jpg]
[www.arialengineering.com/projects.html]
[www.arialengineering.com/pictures/projects/fdsr1.jpg]
[www.arialengineering.com/pictures/projects/fdsr2.jpg]
[www.arialengineering.com/pictures/projects/fdsr3.jpg]
[www.arialengineering.com/pictures/projects/fdsr4.jpg]
[www.arialengineering.com/pictures/projects/fdsr5.jpg]
[www.arialengineering.com/pictures/projects/fdsr6.jpg]
[www.arialengineering.com/residential.html]
[www.arialengineering.com/commercial.html]
[www.arialengineering.com/industrial.html]
[www.arialengineering.com/pictures/clients/clients-bg.jpg]
[www.arialengineering.com/pictures/clients/client1.jpg]
[www.arialengineering.com/pictures/clients/client2.jpg]
[www.arialengineering.com/pictures/clients/client3.jpg]
[www.arialengineering.com/pictures/clients/client4.jpg]
[www.arialengineering.com/pictures/clients/client5.jpg]
[www.arialengineering.com/pictures/clients/client6.jpg]
[www.arialengineering.com/pictures/clients/client7.jpg]
[www.arialengineering.com/pictures/clients/client8.jpg]
[www.arialengineering.com/pictures/clients/client9.jpg]
[www.arialengineering.com/pictures/clients/client10.jpg]
[www.arialengineering.com/pictures/clients/client11.jpg]
[www.arialengineering.com/pictures/clients/client12.jpg]
[www.arialengineering.com/pictures/clients/client13.jpg]
[www.arialengineering.com/pictures/clients/client14.jpg]
[www.arialengineering.com/pictures/clients/client15.jpg]
[www.arialengineering.com/pictures/clients/client16.jpg]
[www.arialengineering.com/pictures/clients/client17.jpg]
[www.arialengineering.com/pictures/clients/client18.jpg]
[www.arialengineering.com/pictures/clients/client19.jpg]
[www.arialengineering.com/pictures/clients/client20.jpg]
[www.arialengineering.com/pictures/clients/client21.jpg]
[www.arialengineering.com/pictures/clients/client22.jpg]
[www.arialengineering.com/pictures/clients/client23.jpg]
[www.arialengineering.com/pictures/clients/client24.jpg]
[www.arialengineering.com/pictures/clients/client25.jpg]
[www.arialengineering.com/pictures/clients/client26.jpg]
[www.arialengineering.com/pictures/clients/client27.jpg]
[www.arialengineering.com/pictures/clients/client28.jpg]
[www.arialengineering.com/pictures/clients/client29.jpg]
[www.arialengineering.com/pictures/clients/client30.jpg]
[www.arialengineering.com/pictures/clients/client31.jpg]
[www.arialengineering.com/pictures/clients/client32.jpg]
[www.arialengineering.com/pictures/clients/client33.jpg]
[www.arialengineering.com/pictures/clients/client34.jpg]
[www.arialengineering.com/pictures/clients/client35.jpg]
[www.arialengineering.com/pictures/clients/client36.jpg]
[www.arialengineering.com/pictures/clients/client37.jpg]
[www.arialengineering.com/pictures/clients/client38.jpg]
[www.arialengineering.com/pictures/clients/client39.jpg]
[www.arialengineering.com/pictures/clients/client40.jpg]
[www.arialengineering.com/pictures/clients/client41.jpg]
[www.arialengineering.com/pictures/clients/client42.jpg]
[www.arialengineering.com/pictures/clients/client43.jpg]
[www.arialengineering.com/pictures/clients/client44.jpg]
[www.arialengineering.com/pictures/clients/client45.jpg]
[www.arialengineering.com/pictures/clients/client46.jpg]
[www.arialengineering.com/pictures/clients/client47.jpg]
[www.arialengineering.com/pictures/clients/client48.jpg]
[www.arialengineering.com/pictures/clients/client49.jpg]
[www.arialengineering.com/pictures/clients/client50.jpg]
[www.arialengineering.com/pictures/clients/client51.jpg]
[www.arialengineering.com/pictures/clients/client52.jpg]
[www.arialengineering.com/pictures/clients/client53.jpg]
[www.arialengineering.com/pictures/clients/client54.jpg]
[www.arialengineering.com/pictures/clients/client55.jpg]
[www.arialengineering.com/pictures/clients/client56.jpg]
[www.arialengineering.com/pictures/clients/client57.jpg]
[www.arialengineering.com/pictures/clients/client58.jpg]
[www.arialengineering.com/pictures/clients/client59.jpg]
[www.arialengineering.com/pictures/clients/client60.jpg]
[www.arialengineering.com/pictures/clients/client61.jpg]
[www.arialengineering.com/pictures/clients/client62.jpg]
[www.arialengineering.com/pictures/clients/client63.jpg]
[www.arialengineering.com/pictures/clients/client64.jpg]
[www.arialengineering.com/pictures/clients/client65.jpg]
[www.arialengineering.com/pictures/clients/client66.jpg]
[www.arialengineering.com/pictures/clients/client67.jpg]
[www.arialengineering.com/pictures/clients/client68.jpg]
[www.arialengineering.com/pictures/clients/client69.jpg]
[www.arialengineering.com/pictures/clients/client70.jpg]
[www.arialengineering.com/pictures/clients/client71.jpg]
[www.arialengineering.com/pictures/clients/client72.jpg]
[www.arialengineering.com/pictures/clients/client73.jpg]
[www.arialengineering.com/pictures/clients/client74.jpg]
[www.arialengineering.com/pictures/clients/client75.jpg]
[www.arialengineering.com/clients.html]
[www.arialengineering.com/pictures/careers/careersbg.jpg]
[www.arialengineering.com/apply-now.html]
[www.arialengineering.com/pictures/careers/c-dme.jpg]
[www.arialengineering.com/pictures/careers/c-crm.jpg]
[www.arialengineering.com/pictures/careers/c-design.jpg]
[www.arialengineering.com/pictures/careers/c-install.jpg]
[www.arialengineering.com/pictures/careers/c-service.jpg]
[www.arialengineering.com/careers.html]
[www.arialengineering.com/pictures/bg/awards-bg.jpg]
[www.arialengineering.com/pictures/awards/award1.jpg]
[www.arialengineering.com/pictures/awards/award2.jpg]
[www.arialengineering.com/pictures/awards/award3.jpg]
[www.arialengineering.com/pictures/awards/award4.jpg]
[www.arialengineering.com/pictures/awards/award5.jpg]
[www.arialengineering.com/pictures/awards/award6.jpg]
[www.arialengineering.com/pictures/awards/award7.jpg]
[www.arialengineering.com/pictures/awards/award8.jpg]
[www.arialengineering.com/pictures/awards/award9.jpg]
[www.arialengineering.com/pictures/awards/award10.jpg]
[www.arialengineering.com/pictures/awards/award11.jpg]
[www.arialengineering.com/pictures/awards/award12.jpg]
[www.arialengineering.com/pictures/awards/award13.jpg]
[www.arialengineering.com/pictures/awards/award14.jpg]
[www.arialengineering.com/pictures/awards/award15.jpg]
[www.arialengineering.com/pictures/awards/award16.jpg]
[www.arialengineering.com/pictures/awards/award17.jpg]
[www.arialengineering.com/pictures/awards/award18.jpg]
[www.arialengineering.com/pictures/awards/award19.jpg]
[www.arialengineering.com/pictures/awards/award20.jpg]
[www.arialengineering.com/pictures/awards/award21.jpg]
[www.arialengineering.com/pictures/awards/award22.jpg]
[www.arialengineering.com/pictures/awards/award23.jpg]
[www.arialengineering.com/pictures/awards/award24.jpg]
[www.arialengineering.com/awards.html]
[www.arialengineering.com/css/contact.css]
[www.arialengineering.com/pictures/bg/contactusbg.jpg]
[connect.facebook.net/en_GB/sdk.js]
[www.instagram.com/embed.js]
[www.arialengineering.com/contact.html]
[platform.twitter.com/widgets.js]
[www.arialengineering.com/pictures/hvac.jpg]
[www.arialengineering.com/hvac.html]
[www.arialengineering.com/chrome-extension_/index.html]
[www.arialengineering.com/GET.15c.delayed]
[www.arialengineering.com/ABCDEFGHIJKLMNOPQRSTUVWXYZabcdefghijklmnopqrstuvwxyz0123456789+/index.html]
[www.arialengineering.com/^([^_/indexd41d.html]
[www.arialengineering.com/restserver.php]
[connect.facebook.net/en_US/sdk/xfbml.customerchat.js]
[stackpath.bootstrapcdn.com/font-awesome/4.7.0/css/font-awesome.min.css]
[www.arialengineering.com/LiveChatEvent/index.html]
[www.arialengineering.com/rsrc.php/index.html]
[www.arialengineering.com/dialog/index.html]
[use.fontawesome.com/releases/v5.7.0/css/all.css]
[maxcdn.bootstrapcdn.com/bootstrap/4.0.0/js/bootstrap.min.js]
[www.arialengineering.com/css/pictures/services/services-page.jpg]
[www.arialengineering.com/css/pictures/services/dd-bg.jpg]
[www.arialengineering.com/css/pictures/services/install-bg.jpg]
[www.arialengineering.com/pictures/services/shadow.png]
[www.arialengineering.com/css/pictures/services/repair-bg.jpg]
[www.arialengineering.com/css/pictures/services/amcbg.jpg]
[www.arialengineering.com/css/services.css]
[www.arialengineering.com/css/services unminified.css]
[www.arialengineering.com/css/products.css]
[www.arialengineering.com/pictures/careersbg.jpg]
[code.jquery.com/jquery-3.4.1.slim.min.js]
[code.jquery.com/jquery-3.2.1.slim.min.js]
[www.arialengineering.com/capcha/captchad41d.jpg]
[www.arialengineering.com/apply-now.html]
[www.arialengineering.com/pictures/bg/contact-form-right.jpg]
[www.arialengineering.com/css/contact.css]
[connect.facebook.net/en_GB/sdk.js]
[www.instagram.com/embed.js]
[www.arialengineering.com/$1/index.html]
[www.arialengineering.com/chrome-extension_/index.html]
[www.arialengineering.com/ABCDEFGHIJKLMNOPQRSTUVWXYZabcdefghijklmnopqrstuvwxyz0123456789+/index.html]
[www.arialengineering.com/^([^_/indexd41d.html]
[www.arialengineering.com/GET.html]
[www.arialengineering.com/restserver.html]
[www.arialengineering.com/dialog/index.html]
[www.arialengineering.com/LiveChatEvent/index.html]
[www.arialengineering.com/rsrc.php/index.html]
[www.arialengineering.com/css/pictures/services/services-page.html]
[www.arialengineering.com/css/pictures/services/dd-bg.html]
[www.arialengineering.com/css/pictures/services/install-bg.html]
[www.arialengineering.com/css/pictures/services/repair-bg.html]
[www.arialengineering.com/css/pictures/services/amcbg.html]
[www.arialengineering.com/$1/index.html]
[www.arialengineering.com/captioned/index.html]
[www.arialengineering.com/embed/index.html]
[www.arialengineering.com/embed/index.html]
[www.arialengineering.com/captioned/index.html]
